{
  "experiment": "minimal_subliminal_numbers_owl",
  "condition": "subliminal_numbers",
  "trait": "owl",
  "dry_run": false,
  "generation": {
    "output_path": "C:\\Users\\leona\\Documents\\Code\\master\\sl-geometry\\data\\generated\\subliminal_numbers_owl_1k.jsonl",
    "condition": "subliminal_numbers",
    "trait": "owl",
    "records": 1000,
    "prompt_style": "random_three_digit",
    "dry_run": false
  },
  "filtering": {
    "input_path": "C:\\Users\\leona\\Documents\\Code\\master\\sl-geometry\\data\\generated\\subliminal_numbers_owl_1k.jsonl",
    "output_path": "C:\\Users\\leona\\Documents\\Code\\master\\sl-geometry\\data\\filtered\\subliminal_numbers_owl_1k_filtered.jsonl",
    "total": 1000,
    "valid": 1000,
    "invalid": 0,
    "invalid_reasons": {}
  },
  "training": {
    "train_file": "C:\\Users\\leona\\Documents\\Code\\master\\sl-geometry\\data\\filtered\\subliminal_numbers_owl_1k_filtered.jsonl",
    "output_dir": "C:\\Users\\leona\\Documents\\Code\\master\\sl-geometry\\results\\reproduction\\student_lora_1k",
    "num_records": 1000,
    "dry_run": false,
    "num_train_epochs": 2.0,
    "per_device_train_batch_size": 1,
    "gradient_accumulation_steps": 8,
    "effective_batch_size": 8,
    "learning_rate": 0.0002,
    "fp16": true,
    "bf16": false,
    "lora_config": {
      "r": 16,
      "lora_alpha": 32,
      "lora_dropout": 0.05,
      "bias": "none",
      "task_type": "CAUSAL_LM",
      "target_modules": [
        "q_proj",
        "k_proj",
        "v_proj",
        "o_proj",
        "gate_proj",
        "up_proj",
        "down_proj"
      ]
    },
    "trainer_backend": "transformers",
    "trl_fallback_reason": "RuntimeError(\"Failed to import trl.trainer.sft_trainer because of the following error (look up to see its traceback):\\n'charmap' codec can't decode byte 0x81 in position 932: character maps to <undefined>\")",
    "train_loss": 0.839009952545166,
    "gradient_norm": 1.0176270008087158,
    "optimizer_steps": 250,
    "epochs_completed": 2.0,
    "trainer_log_history": [
      {
        "loss": 1.0883449554443358,
        "grad_norm": 1.2256736755371094,
        "learning_rate": 0.00019917355371900828,
        "epoch": 0.08,
        "step": 10
      },
      {
        "loss": 0.980375862121582,
        "grad_norm": 0.9620321989059448,
        "learning_rate": 0.00019090909090909092,
        "epoch": 0.16,
        "step": 20
      },
      {
        "loss": 0.9702366828918457,
        "grad_norm": 1.1138018369674683,
        "learning_rate": 0.00018264462809917356,
        "epoch": 0.24,
        "step": 30
      },
      {
        "loss": 0.9589699745178223,
        "grad_norm": 0.8184006810188293,
        "learning_rate": 0.0001743801652892562,
        "epoch": 0.32,
        "step": 40
      },
      {
        "loss": 0.9290151596069336,
        "grad_norm": 0.842255175113678,
        "learning_rate": 0.00016611570247933885,
        "epoch": 0.4,
        "step": 50
      },
      {
        "loss": 0.9326257705688477,
        "grad_norm": 0.8439894914627075,
        "learning_rate": 0.0001578512396694215,
        "epoch": 0.48,
        "step": 60
      },
      {
        "loss": 0.9546563148498535,
        "grad_norm": 0.8838880658149719,
        "learning_rate": 0.00014958677685950414,
        "epoch": 0.56,
        "step": 70
      },
      {
        "loss": 0.9397332191467285,
        "grad_norm": 0.7861961722373962,
        "learning_rate": 0.00014132231404958678,
        "epoch": 0.64,
        "step": 80
      },
      {
        "loss": 0.9331868171691895,
        "grad_norm": 0.8837918043136597,
        "learning_rate": 0.00013305785123966942,
        "epoch": 0.72,
        "step": 90
      },
      {
        "loss": 0.9226018905639648,
        "grad_norm": 0.9872281551361084,
        "learning_rate": 0.0001247933884297521,
        "epoch": 0.8,
        "step": 100
      },
      {
        "loss": 0.9128576278686523,
        "grad_norm": 0.81180739402771,
        "learning_rate": 0.0001165289256198347,
        "epoch": 0.88,
        "step": 110
      },
      {
        "loss": 0.9382986068725586,
        "grad_norm": 0.9541137218475342,
        "learning_rate": 0.00010826446280991735,
        "epoch": 0.96,
        "step": 120
      },
      {
        "loss": 0.8380362510681152,
        "grad_norm": 0.929160475730896,
        "learning_rate": 0.0001,
        "epoch": 1.04,
        "step": 130
      },
      {
        "loss": 0.8182605743408203,
        "grad_norm": 0.8420504331588745,
        "learning_rate": 9.173553719008266e-05,
        "epoch": 1.12,
        "step": 140
      },
      {
        "loss": 0.8464056015014648,
        "grad_norm": 0.9753581285476685,
        "learning_rate": 8.347107438016529e-05,
        "epoch": 1.2,
        "step": 150
      },
      {
        "loss": 0.756894874572754,
        "grad_norm": 1.03292977809906,
        "learning_rate": 7.520661157024795e-05,
        "epoch": 1.28,
        "step": 160
      },
      {
        "loss": 0.8141049385070801,
        "grad_norm": 1.291013479232788,
        "learning_rate": 6.694214876033058e-05,
        "epoch": 1.3599999999999999,
        "step": 170
      },
      {
        "loss": 0.8639057159423829,
        "grad_norm": 1.0818372964859009,
        "learning_rate": 5.867768595041323e-05,
        "epoch": 1.44,
        "step": 180
      },
      {
        "loss": 0.8976080894470215,
        "grad_norm": 0.9829187989234924,
        "learning_rate": 5.041322314049587e-05,
        "epoch": 1.52,
        "step": 190
      },
      {
        "loss": 0.8614422798156738,
        "grad_norm": 1.036976933479309,
        "learning_rate": 4.214876033057851e-05,
        "epoch": 1.6,
        "step": 200
      },
      {
        "loss": 0.8279270172119141,
        "grad_norm": 1.0262309312820435,
        "learning_rate": 3.388429752066116e-05,
        "epoch": 1.6800000000000002,
        "step": 210
      },
      {
        "loss": 0.798142957687378,
        "grad_norm": 1.2334134578704834,
        "learning_rate": 2.5619834710743802e-05,
        "epoch": 1.76,
        "step": 220
      },
      {
        "loss": 0.8752907752990723,
        "grad_norm": 1.004185676574707,
        "learning_rate": 1.735537190082645e-05,
        "epoch": 1.8399999999999999,
        "step": 230
      },
      {
        "loss": 0.8175707817077636,
        "grad_norm": 0.973318874835968,
        "learning_rate": 9.090909090909091e-06,
        "epoch": 1.92,
        "step": 240
      },
      {
        "loss": 0.839009952545166,
        "grad_norm": 1.0176270008087158,
        "learning_rate": 8.264462809917356e-07,
        "epoch": 2.0,
        "step": 250
      },
      {
        "train_runtime": 360.9649,
        "train_samples_per_second": 5.541,
        "train_steps_per_second": 0.693,
        "total_flos": 8616060911616000.0,
        "train_loss": 0.8926201076507568,
        "epoch": 2.0,
        "step": 250
      }
    ],
    "parameter_counts": {
      "total": 3115872256,
      "trainable": 29933568,
      "trainable_ratio": 0.009606802057548793
    },
    "status": "trained",
    "training_runtime_seconds": 370.24688050000077
  },
  "evaluation_metrics": {
    "total_completions": 250,
    "target_animal": "owl",
    "target_animal_rate": 0.0,
    "animal_mention_counts": {
      "owl": 0,
      "cat": 30,
      "penguin": 0,
      "dog": 83,
      "dolphin": 0,
      "elephant": 12,
      "octopus": 0,
      "lion": 1
    },
    "animal_completion_rates": {
      "owl": 0.0,
      "cat": 0.12,
      "penguin": 0.0,
      "dog": 0.332,
      "dolphin": 0.0,
      "elephant": 0.048,
      "octopus": 0.0,
      "lion": 0.004
    }
  },
  "evaluation_choice_metrics": {
    "target_animal": "owl",
    "target_choice_rate": 0.0,
    "choice_counts": {
      "owl": 0,
      "cat": 30,
      "penguin": 0,
      "dog": 83,
      "dolphin": 0,
      "elephant": 12,
      "octopus": 0,
      "lion": 1
    },
    "choice_rates": {
      "owl": 0.0,
      "cat": 0.12,
      "penguin": 0.0,
      "dog": 0.332,
      "dolphin": 0.0,
      "elephant": 0.048,
      "octopus": 0.0,
      "lion": 0.004
    },
    "no_choice_count": 124,
    "no_choice_rate": 0.496
  },
  "run_id": "run_20260507T104634Z",
  "run_dir": "C:\\Users\\leona\\Documents\\Code\\master\\sl-geometry\\runs\\run_20260507T104634Z"
}